▶ Baseline: Lima / Retail / SSP585
  ✔ Layer2 — signals_count matches expected baseline (25.4184ms)
  ✔ Layer2 — dominant_signal matches expected baseline (0.8045ms)
  ✔ Layer2 — enso_phase is null (no ENSO data) (0.721ms)
  ✔ Layer2 — all required signal types are present (1.0641ms)
  ✔ Layer2 — no absent signal types present (1.3587ms)
  ✔ Layer2 — extreme_heat short_term: delta=24, historical=18, projected=42 (0.9271ms)
  ✔ Layer2 — tropical_nights mid_term: delta=43 (largest scorable delta) (0.723ms)
  ✔ Layer2 — flood_risk from GRI with projected=0.55 (0.727ms)
  ✔ Layer2 — scenario_ssp in traceability is "SSP585" (0.9578ms)
  ✔ Layer2 — flood_risk responsible_endpoint includes GRI (1.2053ms)
  ✔ Layer4 — composite_score matches expected baseline (2.001ms)
  ✔ Layer4 — urgency matches expected baseline (0.5472ms)
  ✔ Layer2 — no quantitative drought signal for short_term (prpercnt=86, cdd delta=15) (0.6608ms)
  ✔ Layer2 — two drought signals for mid_term (cdd + prpercnt) (0.6939ms)
✔ Baseline: Lima / Retail / SSP585 (45.8064ms)
▶ Baseline: Ica / Healthcare / SSP245
  ✔ Layer2 — signals_count matches expected baseline (1.5436ms)
  ✔ Layer2 — dominant_signal is "drought" (0.4095ms)
  ✔ Layer2 — all required signal types present (0.5481ms)
  ✔ Layer2 — absent signals correctly absent (SSP245 does NOT trigger extreme_heat mid) (0.4792ms)
  ✔ Layer2 — hd35 short_term delta=10 does NOT trigger extreme_heat (boundary check) (0.4354ms)
  ✔ Layer2 — hd35 mid_term delta=18 does NOT trigger extreme_heat (< 20 threshold) (0.4366ms)
  ✔ Layer2 — drought cdd mid_term: delta=45, largest scorable delta (0.4331ms)
  ✔ Layer2 — no GRI drought qualitative signal (quantitative drought already exists) (0.4152ms)
  ✔ Layer2 — scenario_ssp is "SSP245" in traceability (0.428ms)
  ✔ Layer4 — composite_score matches expected baseline (0.915) (0.8799ms)
  ✔ Layer4 — urgency is "crítica" (1.4549ms)
✔ Baseline: Ica / Healthcare / SSP245 (8.9408ms)
▶ Baseline: Cusco / Logistics / SSP585
  ✔ Layer2 — signals_count matches expected baseline (12) (1.5718ms)
  ✔ Layer2 — dominant_signal is "drought" (cdd mid delta=70) (4.2944ms)
  ✔ Layer2 — enso_phase is "El Niño" (0.4763ms)
  ✔ Layer2 — terrain_region is "Andes Sur" (0.5045ms)
  ✔ Layer2 — terrain_slope is 28.5 (0.5056ms)
  ✔ Layer2 — all required signal types present (0.5796ms)
  ✔ Layer2 — absent signals correctly absent (Andean altitude prevents heat signals) (0.5766ms)
  ✔ Layer2 — enso_phase signal confidence is "high" (NOAA official) (0.4773ms)
  ✔ Layer2 — enso_phase excluded from dominant signal computation (0.3104ms)
  ✔ Layer2 — landslide_risk signal present with correct slope (0.467ms)
  ✔ Layer2 — huayco_risk signal present with correct landslide_score (0.4915ms)
  ✔ Layer2 — extreme_rain mid rx1day signal present (55.8mm > 50mm threshold) (0.8568ms)
  ✔ Layer2 — rx1day short_term (40.2mm) does NOT trigger extreme_rain (0.5465ms)
  ✔ Layer2 — ENSO source_origin is "NOAA CPC" in traceability (0.4619ms)
  ✔ Layer2 — terrain source_origin is INGEMMET/SENAMHI in traceability (0.3804ms)
  ✔ Layer4 — composite_score matches expected baseline (0.915) (0.5999ms)
  ✔ Layer4 — urgency is "crítica" (0.4312ms)
✔ Baseline: Cusco / Logistics / SSP585 (16.4605ms)
▶ Cross-scenario consistency
  ✔ all scenarios produce non-empty signals arrays (2.4443ms)
  ✔ all signals in all scenarios have source_traceability (1.4203ms)
  ✔ SSP585 scenarios produce more or equal signals than SSP245 (higher-emissions drives more signals) (0.9614ms)
  ✔ all Layer4 results have non-null top_risk (1.1038ms)
  ✔ all baseline scenarios classify as "crítica" urgency (high-risk inputs) (0.9573ms)
  ✔ Cusco scenario correctly uses high-emissions SSP585 label in traceability (0.9322ms)
  ✔ Ica SSP245 scenario uses moderate-emissions label in traceability (0.6933ms)
✔ Cross-scenario consistency (9.7813ms)
▶ HAZARD_WEIGHTS parity: frontend riskEngine.js ↔ backend riskConstants.js
  ✔ contains the same keys in the same order (27.342ms)
  ✔ all values are identical (1.5958ms)
✔ HAZARD_WEIGHTS parity: frontend riskEngine.js ↔ backend riskConstants.js (42.9614ms)
▶ TYPE_FACTOR parity: frontend riskEngine.js ↔ backend riskConstants.js
  ✔ contains the same keys (0.8809ms)
  ✔ all values are identical (0.7754ms)
✔ TYPE_FACTOR parity: frontend riskEngine.js ↔ backend riskConstants.js (2.6158ms)
▶ riskEngine.js ↔ riskModelService.js numerical output parity
  ✔ flood-level-4-supermercado — identical riskScore (8.4768ms)
  ✔ flood-level-4-supermercado — identical riskLevel (1.1075ms)
  ✔ flood-level-4-supermercado — identical hazardScore (1.0712ms)
  ✔ flood-level-4-supermercado — identical exposureScore (1.061ms)
  ✔ flood-level-4-supermercado — identical financial total (0.9179ms)
  ✔ earthquake-level-3-rented — identical riskScore (0.9474ms)
  ✔ earthquake-level-3-rented — identical riskLevel (0.5584ms)
  ✔ earthquake-level-3-rented — identical hazardScore (0.4256ms)
  ✔ earthquake-level-3-rented — identical exposureScore (0.4627ms)
  ✔ earthquake-level-3-rented — identical financial total (0.6218ms)
  ✔ mixed-hazards-distribucion — identical riskScore (0.5324ms)
  ✔ mixed-hazards-distribucion — identical riskLevel (0.3674ms)
  ✔ mixed-hazards-distribucion — identical hazardScore (1.8492ms)
  ✔ mixed-hazards-distribucion — identical exposureScore (0.4087ms)
  ✔ mixed-hazards-distribucion — identical financial total (0.2948ms)
  ✔ elnino-level-4-express — identical riskScore (0.4025ms)
  ✔ elnino-level-4-express — identical riskLevel (0.3009ms)
  ✔ elnino-level-4-express — identical hazardScore (0.2739ms)
  ✔ elnino-level-4-express — identical exposureScore (1.0672ms)
  ✔ elnino-level-4-express — identical financial total (0.4372ms)
✔ riskEngine.js ↔ riskModelService.js numerical output parity (25.773ms)
▶ COMPOSITE_SCORE_FORMULA documentation ↔ Layer4_PrioritizationEngine constants
  ✔ probability weight documented as 30% (0.8183ms)
  ✔ intensity weight documented as 25% (0.3645ms)
  ✔ exposure weight documented as 25% (0.3306ms)
  ✔ sensitivity weight documented as 10% (0.3408ms)
  ✔ horizon_factor weight documented as 10% (0.3222ms)
  ✔ urgency thresholds documented correctly (crítica ≥ 75/100) (0.4491ms)
  ✔ urgency thresholds documented correctly (alta ≥ 50/100) (0.3723ms)
  ✔ urgency thresholds documented correctly (media ≥ 25/100) (0.3977ms)
✔ COMPOSITE_SCORE_FORMULA documentation ↔ Layer4_PrioritizationEngine constants (4.3033ms)
▶ HXE_FORMULA documentation ↔ riskModelService.js constants
  ✔ H weight documented as 40% (1.1786ms)
  ✔ E weight documented as 30% (9.3242ms)
  ✔ I weight documented as 30% (0.5629ms)
  ✔ formula string matches actual computation weights (0.3924ms)
  ✔ normalization baseline is 20M (I_norm = total/20_000_000) (0.7609ms)
✔ HXE_FORMULA documentation ↔ riskModelService.js constants (13.0608ms)
▶ SSP scenario codes in methodologyConfig.js
  ✔ ssp245 code is "SSP2-4.5" (0.6307ms)
  ✔ ssp585 code is "SSP5-8.5" (0.4628ms)
✔ SSP scenario codes in methodologyConfig.js (1.5677ms)
▶ TEMPORAL_HORIZONS alignment with Layer4 horizon factors
  ✔ short_term period is 2020–2039 and horizon_factor is 1.0 (max urgency) (2.2435ms)
  ✔ mid_term period is 2040–2059 and horizon_factor is 0.75 (2.7061ms)
  ✔ long_term horizon_factor is 0.50 (1.8383ms)
✔ TEMPORAL_HORIZONS alignment with Layer4 horizon factors (8.0556ms)
▶ REHAB_FACTOR parity (indirect): frontend output ↔ backend output
  ✔ flood rehab factor 120 S/m² consistent across frontend and backend (1.4675ms)
  ✔ elnino rehab factor 150 S/m² consistent across frontend and backend (0.4533ms)
  ✔ earthquake rehab factor 350 S/m² consistent across frontend and backend (0.4353ms)
  ✔ landslide rehab factor 200 S/m² consistent across frontend and backend (0.3632ms)
  ✔ drought rehab factor 40 S/m² consistent across frontend and backend (0.315ms)
✔ REHAB_FACTOR parity (indirect): frontend output ↔ backend output (3.82ms)
▶ IPCC thresholds — extreme_heat (hd35)
  ✔ generates short_term signal when delta > 10 days (18.5543ms)
  ✔ does NOT generate short_term signal when delta == threshold (not strictly greater) (1.0058ms)
  ✔ does NOT generate short_term signal when delta < 10 days (1.9435ms)
  ✔ generates mid_term signal when delta > 20 days (2.0848ms)
  ✔ does NOT generate mid_term signal when delta == 20 (not strictly greater) (6.6019ms)
✔ IPCC thresholds — extreme_heat (hd35) (46.5289ms)
▶ IPCC thresholds — severe_heat (hd40)
  ✔ generates signal when delta > 5 days (both horizons) (2.1627ms)
  ✔ does NOT generate signal when delta <= 5 days (1.1537ms)
✔ IPCC thresholds — severe_heat (hd40) (4.8916ms)
▶ IPCC thresholds — tropical_nights (tr)
  ✔ generates short_term signal when delta > 10 nights (1.3866ms)
  ✔ does NOT generate short_term signal when delta == 10 (0.8749ms)
  ✔ generates mid_term signal when delta > 20 nights (1.098ms)
  ✔ does NOT generate mid_term signal when delta == 20 (0.6239ms)
✔ IPCC thresholds — tropical_nights (tr) (5.1613ms)
▶ IPCC thresholds — drought (CDD)
  ✔ generates signal when CDD delta > 15 days (0.9818ms)
  ✔ does NOT generate signal when CDD delta == 15 (0.5077ms)
  ✔ does NOT generate signal when CDD delta < 15 (1.3186ms)
✔ IPCC thresholds — drought (CDD) (3.342ms)
▶ IPCC thresholds — drought (prpercnt)
  ✔ generates signal when prpercnt reduction > 15% (prpercnt < 85) (1.154ms)
  ✔ does NOT generate signal when prpercnt == 85 (exactly at boundary) (0.5504ms)
  ✔ does NOT generate signal when prpercnt > 85 (0.4609ms)
  ✔ drought prpercnt signal has null delta (uses delta_pct only) (0.9573ms)
✔ IPCC thresholds — drought (prpercnt) (4.2235ms)
▶ IPCC thresholds — drought (pr absolute fallback)
  ✔ uses pr fallback only when prpercnt is absent (1.0437ms)
  ✔ does NOT use pr fallback when prpercnt is present (0.5073ms)
✔ IPCC thresholds — drought (pr absolute fallback) (2.0149ms)
▶ IPCC thresholds — extreme_rain (rx5day)
  ✔ generates signal when rx5day increases > 20% (0.8722ms)
  ✔ does NOT generate signal when rx5day increases == 20% (0.4969ms)
  ✔ does NOT generate signal when rx5day increases < 20% (0.436ms)
✔ IPCC thresholds — extreme_rain (rx5day) (2.2973ms)
▶ WMO threshold — extreme_rain (rx1day)
  ✔ generates signal when rx1day > 50 mm (0.852ms)
  ✔ does NOT generate signal when rx1day == 50 mm (0.5107ms)
  ✔ does NOT generate signal when rx1day < 50 mm (0.7135ms)
✔ WMO threshold — extreme_rain (rx1day) (2.5763ms)
▶ Paris Agreement thresholds — temp_increase (tas)
  ✔ generates short_term signal when tas delta > 1.5°C (1.5686ms)
  ✔ does NOT generate short_term signal when tas delta == 1.5°C (4.3539ms)
  ✔ generates mid_term signal when tas delta > 2.5°C (12.0014ms)
  ✔ does NOT generate mid_term signal when tas delta == 2.5°C (0.6539ms)
  ✔ falls back to meteoData delta when climate_cells has no tas (0.865ms)
✔ Paris Agreement thresholds — temp_increase (tas) (20.7318ms)
▶ WRI threshold — flood_risk (GRI)
  ✔ generates flood_risk signal when GRI probability > 0.35 (1.2146ms)
  ✔ does NOT generate flood_risk signal when GRI probability == 0.35 (0.8784ms)
  ✔ does NOT generate flood_risk signal when GRI probability < 0.35 (17.3096ms)
✔ WRI threshold — flood_risk (GRI) (20.0695ms)
▶ ENSO phase signal
  ✔ generates enso_phase signal when phase is El Niño (non-neutral) (1.0248ms)
  ✔ generates enso_phase signal when phase is La Niña (5.3596ms)
  ✔ does NOT generate enso_phase signal when phase is neutral (0.6662ms)
  ✔ does NOT generate enso_phase signal when ensoData is null (2.9661ms)
✔ ENSO phase signal (10.9083ms)
▶ Terrain signals (landslide, huayco)
  ✔ generates landslide_risk signal when exceeds_landslide_threshold is true (1.7113ms)
  ✔ generates huayco_risk signal when huayco_risk is "alto" (1.5419ms)
  ✔ generates huayco_risk signal when huayco_risk is "medio" (0.6614ms)
  ✔ does NOT generate huayco_risk for "bajo" level (0.4974ms)
✔ Terrain signals (landslide, huayco) (12.2689ms)
▶ Dominant signal selection
  ✔ selects the signal with the largest absolute delta (0.8583ms)
  ✔ excludes enso_phase, landslide_risk, huayco_risk from dominant signal (3.6182ms)
  ✔ returns first signal type when all deltas are null/0 (0.8412ms)
  ✔ returns null when no signals detected (0.4309ms)
✔ Dominant signal selection (6.3827ms)
▶ Confidence level assignment
  ✔ assigns "high" confidence when climateData (climate_cells) is present (0.8889ms)
  ✔ assigns "medium" confidence for GRI-based signals (1.7996ms)
  ✔ ENSO signal always has "high" confidence (NOAA official) (6.9111ms)
  ✔ terrain signals have "medium" confidence (SRTM-derived) (1.3547ms)
✔ Confidence level assignment (12.0239ms)
▶ source_traceability metadata structure
  ✔ enriches every signal with source_traceability object (0.9946ms)
  ✔ source_traceability contains all required fields (0.7224ms)
  ✔ temporal_period_label is "2020-2039" for short_term (21.6488ms)
  ✔ temporal_period_label is "2040-2059" for mid_term (0.7621ms)
  ✔ scenario_ssp is uppercased from fusedData.scenario (0.5874ms)
  ✔ climate_model_badge is "CMIP6 ensemble" for climate_cells source (0.5285ms)
  ✔ provenance_badges is an array (1.1038ms)
✔ source_traceability metadata structure (27.5031ms)
▶ GRI qualitative signals (fallback when no quantitative signal)
  ✔ adds GRI drought signal when no quantitative drought exists (1.5193ms)
  ✔ does NOT add GRI drought signal when quantitative drought already exists (0.7968ms)
✔ GRI qualitative signals (fallback when no quantitative signal) (2.7632ms)
▶ deltaPct calculation
  ✔ returns correct percentage for rx5day (0.8725ms)
  ✔ returns null delta_pct when historical is 0 (0.4056ms)
✔ deltaPct calculation (1.7115ms)
▶ Return structure
  ✔ always returns signals array, signals_count, and dominant_signal (0.8631ms)
  ✔ signals_count matches signals array length (1.2018ms)
  ✔ includes enso_phase and terrain convenience fields (0.7086ms)
✔ Return structure (3.4756ms)
▶ Weight constants integrity
  ✔ weights sum to exactly 1.0 (3.8907ms)
  ✔ individual weights match documented values (0.9639ms)
✔ Weight constants integrity (10.6835ms)
▶ Composite score formula — IPCC AR6 WG2 Ch.16
  ✔ computes correct score for flood_risk signal with all-high inputs (3.0536ms)
  ✔ computes correct score for CMIP6 extreme_heat signal (1.6902ms)
  ✔ computes correct score for mid_term signal with reduced horizon factor (0.8832ms)
✔ Composite score formula — IPCC AR6 WG2 Ch.16 (6.7942ms)
▶ Urgency thresholds
  ✔ assigns "crítica" when composite_score >= 0.75 (1.0622ms)
  ✔ assigns "alta" when composite_score >= 0.50 and < 0.75 (2.6519ms)
  ✔ assigns "media" when composite_score >= 0.25 and < 0.50 (1.2818ms)
  ✔ assigns "baja" when composite_score < 0.25 (0.8503ms)
✔ Urgency thresholds (11.0183ms)
▶ Horizon factors
  ✔ short_term horizon_factor is 1.0 (3.6628ms)
  ✔ mid_term horizon_factor is 0.75 (0.8303ms)
  ✔ long_term horizon_factor is 0.50 (0.6067ms)
  ✔ short_term produces higher score than mid_term for identical signals (0.6048ms)
✔ Horizon factors (6.6834ms)
▶ Level-to-number mapping
  ✔ alto = 1.0 (0.5824ms)
  ✔ medio = 0.5 (0.3967ms)
  ✔ bajo = 0.2 (0.3637ms)
  ✔ unknown level defaults to 0.2 (0.3743ms)
✔ Level-to-number mapping (2.3134ms)
▶ GRI probability extraction
  ✔ GRI signals use projected as probability (capped at 1.0) (0.6587ms)
  ✔ GRI signal probability is capped at 1.0 (0.4496ms)
  ✔ CMIP6 signals use confidence-based probability proxy (high=0.80) (0.4827ms)
  ✔ CMIP6 signals use confidence-based probability proxy (medium=0.60) (0.4296ms)
  ✔ CMIP6 signals use confidence-based probability proxy (low=0.40) (0.5572ms)
✔ GRI probability extraction (3.1935ms)
▶ Intensity normalization
  ✔ extreme_heat intensity capped at 1.0 when delta_pct exceeds max (60 days) (0.6205ms)
  ✔ temp_increase intensity correctly normalized against 4°C max (0.5016ms)
  ✔ drought with delta uses absolute delta (not delta_pct) for intensity (0.7234ms)
✔ Intensity normalization (2.3205ms)
▶ Sort and rank
  ✔ sorts risks by composite_score descending (1.2591ms)
  ✔ assigns rank 1 to highest-scoring risk (1.7984ms)
  ✔ top_risk matches rank-1 risk (0.6011ms)
  ✔ top_risk is null when risks array is empty (0.5602ms)
✔ Sort and rank (5.0792ms)
▶ Score precision
  ✔ composite_score is rounded to 3 decimal places (0.698ms)
  ✔ score_components object is always present (0.6202ms)
✔ Score precision (1.8518ms)
▶ HAZARD_WEIGHTS constants
  ✔ contains exactly the 5 expected hazard keys (6.4147ms)
  ✔ weights sum to exactly 1.0 (1.1023ms)
  ✔ individual weights match documented values (0.931ms)
✔ HAZARD_WEIGHTS constants (13.01ms)
▶ TYPE_FACTOR constants
  ✔ supermercado_grande = 1.0 (1.2314ms)
  ✔ supermercado_mediano = 0.8 (0.6721ms)
  ✔ centro_distribucion = 1.2 (0.5015ms)
  ✔ tienda_express = 0.6 (0.5539ms)
✔ TYPE_FACTOR constants (4.2773ms)
▶ calculateHazardScore
  ✔ returns 0 when all hazard levels are 0 (9.4349ms)
  ✔ computes correct score when only hazard_flood is at maximum (4) (1.4858ms)
  ✔ computes correct score when all hazards at maximum (4) (1.4659ms)
  ✔ computes correct score with mixed hazard levels (0.698ms)
  ✔ treats missing hazard keys as level 0 (0.524ms)
✔ calculateHazardScore (32.7742ms)
▶ calculateExposureScore
  ✔ supermercado_grande at 5000 m² → exposure = 1.0 (maxArea default) (0.8437ms)
  ✔ tienda_express at 5000 m² → exposure = min(1.0*0.6, 1.0) = 0.6 (0.4289ms)
  ✔ centro_distribucion at 5000 m² → capped at 1.0 (factor=1.2 > 1.0) (0.3502ms)
  ✔ supermercado_mediano at 2500 m² → (2500/5000)*0.8 = 0.4 (0.4315ms)
  ✔ unknown type defaults to factor 0.8 (0.389ms)
  ✔ missing area defaults to 1000 m² (0.4123ms)
  ✔ exposure is always ≤ 1.0 (0.345ms)
✔ calculateExposureScore (4.092ms)
▶ calculateFinancialImpact
  ✔ computes correct financial impact for flood risk level 4 (3.7633ms)
  ✔ applies rehab factor 0.4 for rented assets (condition=alquilado) (0.5261ms)
  ✔ closure days match expected: level 0=0, 1=3, 2=7, 3=21, 4=45 (0.9018ms)
  ✔ earthquake uses rehab factor 350 S/ per m² (0.5707ms)
  ✔ ElNiño multiplier amplifies hazard_elnino level in financial impact (0.5754ms)
✔ calculateFinancialImpact (7.0968ms)
▶ calculateRiskScore — R = H×0.40 + E×0.30 + I×0.30
  ✔ computes correct R for known asset (flood level 4, 5000m², propio) (3.6533ms)
  ✔ I_norm is capped at 1.0 for very large financial impacts (1.5555ms)
  ✔ risk level categorization: critico when R >= 0.75 (0.5967ms)
  ✔ risk level categorization: alto when 0.50 <= R < 0.75 (0.6098ms)
  ✔ risk level categorization: bajo when R < 0.25 (0.54ms)
  ✔ result includes topRisk and topRiskKey (0.4498ms)
✔ calculateRiskScore — R = H×0.40 + E×0.30 + I×0.30 (8.6692ms)
▶ getTopHazards
  ✔ returns top 2 hazards by weighted score (2.5221ms)
  ✔ weighted score is weight × level (not normalized) (1.0139ms)
✔ getTopHazards (4.0292ms)
▶ formatCurrency
  ✔ formats millions correctly (0.7015ms)
  ✔ formats thousands correctly (0.3556ms)
  ✔ formats sub-thousand values correctly (1.8068ms)
✔ formatCurrency (3.502ms)
▶ Determinism — same input produces identical output
  ✔ calculateRiskScore is deterministic for 10 consecutive calls (1.0848ms)
✔ Determinism — same input produces identical output (1.6758ms)
▶ getCompleteRiskModel — output structure
  ✔ returns all required top-level fields (6.3582ms)
  ✔ formula field documents correct weights (1.3699ms)
  ✔ impactBreakdown contains all financial components (1.1319ms)
  ✔ financialFormatted contains all formatted fields (1.1685ms)
✔ getCompleteRiskModel — output structure (19.4364ms)
▶ H×E×I formula — deterministic known values
  ✔ flood level 4 produces correct H=0.30 (2.8025ms)
  ✔ full-hazard asset produces H=1.0 (0.8927ms)
  ✔ supermercado_grande at 5000m² produces E=1.0 (1.0533ms)
  ✔ tienda_express at 5000m² produces E=0.6 (1.1396ms)
  ✔ R = H×0.40 + E×0.30 + I×0.30 — formula verified on known asset (1.4059ms)
  ✔ riskLevel boundaries: all-zero hazard → bajo (2.9022ms)
  ✔ riskLevel boundaries: maximum all inputs → critico (0.9319ms)
✔ H×E×I formula — deterministic known values (21.8814ms)
▶ REHAB_FACTOR constants
  ✔ flood rehab factor is 120 S/m² (0.9538ms)
  ✔ earthquake rehab factor is 350 S/m² (1.0482ms)
  ✔ landslide rehab factor is 200 S/m² (0.7746ms)
  ✔ drought rehab factor is 40 S/m² (0.4921ms)
✔ REHAB_FACTOR constants (4.4598ms)
▶ CLOSURE_DAYS constants
  ✔ risk level 0 → 0 closure days (0.6563ms)
  ✔ risk level 1 → 3 closure days (0.4273ms)
  ✔ risk level 4 → 45 closure days (0.4811ms)
✔ CLOSURE_DAYS constants (2.0656ms)
▶ Recommendations
  ✔ returns at most 3 recommendations (0.5801ms)
  ✔ each recommendation has priority, title, description, and impact (0.582ms)
✔ Recommendations (1.5912ms)
▶ Narrative generation
  ✔ generates a non-empty narrative string (1.0486ms)
  ✔ narrative contains district name when provided (1.4453ms)
✔ Narrative generation (5.5083ms)
▶ Determinism
  ✔ getCompleteRiskModel is deterministic for 10 consecutive calls (1.3974ms)
✔ Determinism (1.8566ms)
ℹ tests 250
ℹ suites 55
ℹ pass 250
ℹ fail 0
ℹ cancelled 0
ℹ skipped 0
ℹ todo 0
ℹ duration_ms 1456.1865
